// Jest Snapshot v1, https://goo.gl/fbAQLP

exports[`Peep Snapshot 1`] = `
<div
  className="peeps"
/>
`;
