// Jest Snapshot v1, https://goo.gl/fbAQLP

exports[`App Snapshot 1`] = `
<div
  className="App"
>
  <header
    className="App-header"
  >
    <p>
       Chitter 
    </p>
  </header>
  <div>
    <form>
      <input
        name="peep"
        type="text"
      />
      <input
        type="submit"
        value="Submit"
      />
    </form>
  </div>
  <div>
    <div
      className="peeps"
    />
  </div>
</div>
`;
